// Jest Snapshot v1, https://goo.gl/fbAQLP

exports[`renders correctly 1`] = `
<div>
  You can contact me by pressing this button!
  <a
    href="/"
    onClick={[Function]}
  >
     Home 
  </a>
  <button
    onClick={[Function]}
  >
     Get my phone number
  </button>
</div>
`;
