// Jest Snapshot v1, https://goo.gl/fbAQLP

exports[`SocialMediaIcon Snapshot Testing -- should render and match snapshot 1`] = `
.c0 {
  height: 24px;
  width: 24px;
  display: inline-block;
  background-color: Test;
}

<span
  className="c0"
  type="Test"
/>
`;
