// Jest Snapshot v1, https://goo.gl/fbAQLP

exports[`App Component Snapshot should renders correctly home page 1`] = `
.c8 {
  display: -webkit-box;
  display: -webkit-flex;
  display: -ms-flexbox;
  display: flex;
  -webkit-box-pack: center;
  -webkit-justify-content: center;
  -ms-flex-pack: center;
  justify-content: center;
  margin: 0 -4px;
  border-top: 1px solid #888;
  border-bottom: 1px solid #888;
  padding: 8px 0;
}

.c5 {
  text-decoration: none;
  height: 24px;
  width: 24px;
  display: inline-block;
  background-image: url(icon-facebook.svg);
  color: white;
}

.c6 {
  text-decoration: none;
  height: 24px;
  width: 24px;
  display: inline-block;
  background-image: url(icon-twitter.svg);
  color: white;
}

.c7 {
  text-decoration: none;
  height: 24px;
  width: 24px;
  display: inline-block;
  background-image: url(icon-instagram.svg);
  color: white;
}

.c1 {
  margin: 0 auto;
  max-width: 980px;
  width: 100%;
}

.c0 {
  min-height: 100%;
  display: -webkit-box;
  display: -webkit-flex;
  display: -ms-flexbox;
  display: flex;
  -webkit-flex-direction: column;
  -ms-flex-direction: column;
  flex-direction: column;
  -webkit-box-pack: justify;
  -webkit-justify-content: space-between;
  -ms-flex-pack: justify;
  justify-content: space-between;
}

.c9 {
  margin: 0 4px;
  padding: 4px 8px;
  color: #eee;
  font-size: 16px;
  text-decoration: none;
  font-weight: 400;
  -webkit-letter-spacing: .1em;
  -moz-letter-spacing: .1em;
  -ms-letter-spacing: .1em;
  letter-spacing: .1em;
  text-transform: uppercase;
}

.c9:hover {
  color: #c8c8c8;
}

.c2 {
  margin: 32px 0 24px 0;
  display: -webkit-box;
  display: -webkit-flex;
  display: -ms-flexbox;
  display: flex;
  -webkit-box-pack: justify;
  -webkit-justify-content: space-between;
  -ms-flex-pack: justify;
  justify-content: space-between;
  color: white;
  font-family: 'Marcellus SC';
}

.c3 {
  font-family: 'Marcellus SC';
  font-size: 40px;
  line-height: 40px;
  color: #eee;
  -webkit-letter-spacing: 0.05em;
  -moz-letter-spacing: 0.05em;
  -ms-letter-spacing: 0.05em;
  letter-spacing: 0.05em;
  font-weight: 500;
  text-decoration: none;
}

.c3:hover {
  color: #c8c8c8;
}

.c4 {
  font-size: 21px;
  margin: 0 -12px;
}

.c4 > * {
  margin: 0 12px;
}

.c10 {
  -webkit-flex: 1;
  -ms-flex: 1;
  flex: 1;
}

.c11 {
  margin-top: 40px;
  background: #222;
  padding: 32px 0;
}

<div
  className="c0"
>
  <div
    className="c1"
  >
    <h1
      className="c2"
    >
      <a
        aria-current="true"
        className="c3 active"
        href="/"
        onClick={[Function]}
        style={Object {}}
      >
         
        Hair & Beauty
         
      </a>
      <div
        className="c4"
      >
        <a
          className="c5"
          href="www.facebook.com/hair&beauty"
          target="_blank"
          type="Facebook"
        />
        <a
          className="c6"
          href="www.twitter.com/hair&beauty"
          target="_blank"
          type="Twitter"
        />
        <a
          className="c7"
          href="www.instagram.com/hair&beauty"
          target="_blank"
          type="Instagram"
        />
      </div>
    </h1>
    <div
      className="c8"
    >
      <a
        aria-current="true"
        className="c9 active"
        href="/"
        onClick={[Function]}
        style={Object {}}
      >
         Home 
      </a>
      <a
        aria-current={false}
        className="c9"
        href="/services"
        onClick={[Function]}
        style={undefined}
      >
         Service & Prices 
      </a>
      <a
        aria-current={false}
        className="c9"
        href="/team"
        onClick={[Function]}
        style={undefined}
      >
         Our Team 
      </a>
      <a
        aria-current={false}
        className="c9"
        href="/gallery"
        onClick={[Function]}
        style={undefined}
      >
         Gallery 
      </a>
      <a
        aria-current={false}
        className="c9"
        href="/#contact"
        onClick={[Function]}
        style={undefined}
      >
         Contact 
      </a>
    </div>
    <div
      className="c10"
    >
      &lt;Home /&gt;
    </div>
  </div>
  <footer
    className="c11"
  >
    Footer
  </footer>
</div>
`;
